RESET
RESET
RESET
RESET
RESET
RESET
RESET
RESET
RESET
RESET
SET
SET
SET
CREATE TABLE
 id 
----
(0 rows)

INSERT 0 1
RESET
CREATE ROLE
CREATE ROLE
SET
 id 
----
  1
(1 row)

GRANT
GRANT
SET
 id 
----
  1
(1 row)

SET
 id 
----
  1
(1 row)

ALTER ROLE
ALTER ROLE
ALTER ROLE
ALTER ROLE
GRANT
INSERT 0 1
 id 
----
  1
  2
(2 rows)

GRANT ROLE
INSERT 0 1
 id 
----
  1
  2
  3
(3 rows)

CREATE TABLE
CREATE TABLE
REVOKE ROLE
GRANT
GRANT
ALTER ROLE
ALTER ROLE
CREATE FUNCTION
SET
SET
SET
CREATE TRIGGER
INSERT 0 1
INSERT 0 1
INSERT 0 1
 id 
----
 91
 92
(2 rows)

CREATE ROLE
GRANT
GRANT
ALTER FUNCTION
ALTER ROLE
ALTER ROLE
INSERT 0 1
INSERT 0 1
SET
SET
SET
CREATE FUNCTION
DO
GRANT
ALTER FUNCTION
DO
SET
SET
ALTER SYSTEM
 pg_reload_conf 
----------------
 t
(1 row)

CLOSE CURSOR ALL
ALTER ROLE
ALTER ROLE
 id 
----
  1
  2
  3
(3 rows)

DROP FUNCTION
DROP FUNCTION
REVOKE
REVOKE
REVOKE
REVOKE
REVOKE
DROP ROLE
DROP ROLE
DROP ROLE
DROP TABLE
DROP TABLE
DROP TABLE
ALTER SYSTEM
 pg_reload_conf 
----------------
 t
(1 row)

