psql (14.2)
Type "help" for help.

postgres=# \o pgaudit_role-client.out
postgres=# \i pgaudit_role.sql
psql:pgaudit_role.sql:32: NOTICE:  AUDIT: SESSION,1,1,WRITE,INSERT,,,INSERT INTO role_test values (1);,<not logged>
psql:pgaudit_role.sql:41: NOTICE:  AUDIT: ROLE,2,1,MISC,SET,,,SET pgaudit.roles_scope = 'roleuser1';,<not logged>
psql:pgaudit_role.sql:43: NOTICE:  AUDIT: ROLE,3,1,READ,SELECT,,,SELECT * FROM role_test;,<not logged>
psql:pgaudit_role.sql:47: NOTICE:  AUDIT: ROLE,4,1,ROLE,GRANT,,,GRANT SELECT ON role_test TO roleuser1;,<not logged>
psql:pgaudit_role.sql:48: NOTICE:  AUDIT: ROLE,5,1,ROLE,GRANT,,,GRANT SELECT ON role_test TO roleuser2;,<not logged>
psql:pgaudit_role.sql:49: NOTICE:  AUDIT: ROLE,6,1,MISC,SET,,,set role 'roleuser1';,<not logged>
psql:pgaudit_role.sql:51: NOTICE:  AUDIT: ROLE,7,1,READ,SELECT,,,SELECT * FROM role_test;,<not logged>
psql:pgaudit_role.sql:53: NOTICE:  AUDIT: ROLE,8,1,MISC,SET,,,SET SESSION AUTHORIZATION 'roleuser2';,<not logged>
psql:pgaudit_role.sql:55: NOTICE:  AUDIT: ROLE,9,1,READ,SELECT,,,SELECT * FROM role_test;,<not logged>
You are now connected to database "postgres" as user "postgres".
You are now connected to database "postgres" as user "roleuser2".
psql:pgaudit_role.sql:71: WARNING:  AUDIT: SESSION,1,1,WRITE,INSERT,,,INSERT INTO role_test values (2);,<not logged>
You are now connected to database "postgres" as user "postgres".
You are now connected to database "postgres" as user "roleuser2".
psql:pgaudit_role.sql:81: WARNING:  AUDIT: SESSION,1,1,WRITE,INSERT,,,INSERT INTO role_test values (3);,<not logged>
psql:pgaudit_role.sql:82: WARNING:  AUDIT: ROLE,2,1,READ,SELECT,,,SELECT * FROM role_test;,<not logged>
You are now connected to database "postgres" as user "postgres".
psql:pgaudit_role.sql:121: NOTICE:  AUDIT: ROLE,1,1,MISC,SET,,,SET pgaudit.roles_scope = 'roleuser1';,<not logged>
psql:pgaudit_role.sql:126: NOTICE:  AUDIT: ROLE,2,1,DDL,CREATE TRIGGER,,,"CREATE TRIGGER roletest2_insert_trg
	AFTER INSERT ON role_test2
	FOR EACH ROW EXECUTE PROCEDURE roletest2_insert();",<not logged>
psql:pgaudit_role.sql:138: NOTICE:  AUDIT: ROLE,3,1,WRITE,INSERT,,,"WITH CTE AS
(
	INSERT INTO role_test3 VALUES (1)
				   RETURNING id
)
INSERT INTO role_test2
SELECT id
  FROM cte;",<not logged>
psql:pgaudit_role.sql:138: NOTICE:  AUDIT: ROLE,3,2,WRITE,UPDATE,,,"UPDATE role_test2
 SET id = id + 90
 WHERE id = new.id",<not logged>
You are now connected to database "postgres" as user "roleuser2".
psql:pgaudit_role.sql:143: WARNING:  AUDIT: ROLE,1,1,WRITE,UPDATE,,,"UPDATE role_test2
 SET id = id + 90
 WHERE id = new.id",",,,,,,,,,,,,,2"
psql:pgaudit_role.sql:147: WARNING:  AUDIT: SESSION,2,1,READ,SELECT,,,SELECT * FROM role_test2;,<not logged>
You are now connected to database "postgres" as user "postgres".
You are now connected to database "postgres" as user "roleuser2".
psql:pgaudit_role.sql:161: WARNING:  AUDIT: SESSION,1,1,WRITE,INSERT,,,INSERT INTO role_test2 VALUES (3);,<not logged>
psql:pgaudit_role.sql:170: WARNING:  AUDIT: SESSION,2,1,WRITE,INSERT,,,"WITH CTE AS
(
	INSERT INTO role_test3 VALUES (3)
				   RETURNING id
)
INSERT INTO role_test2
SELECT id
  FROM cte;",<not logged>
You are now connected to database "postgres" as user "postgres".
psql:pgaudit_role.sql:177: NOTICE:  AUDIT: ROLE,1,1,MISC,SET,,,SET pgaudit.roles_scope = 'roleuser1';,<not logged>
psql:pgaudit_role.sql:184: NOTICE:  AUDIT: ROLE,2,1,DDL,CREATE FUNCTION,,,"CREATE FUNCTION roletest2_change(change_id int) RETURNS void AS $$
BEGIN
 UPDATE role_test2
  SET id = id + 1
  WHERE id = change_id;
END $$ LANGUAGE plpgsql security definer;",<not logged>
psql:pgaudit_role.sql:186: NOTICE:  AUDIT: ROLE,3,1,FUNCTION,DO,,,DO $$ BEGIN PERFORM roletest2_change(91); END $$;,<not logged>
psql:pgaudit_role.sql:186: NOTICE:  AUDIT: ROLE,3,2,READ,SELECT,,,SELECT roletest2_change(91),<not logged>
psql:pgaudit_role.sql:186: NOTICE:  AUDIT: ROLE,3,3,FUNCTION,EXECUTE,FUNCTION,public.roletest2_change,SELECT roletest2_change(91),<not logged>
psql:pgaudit_role.sql:186: NOTICE:  AUDIT: ROLE,3,4,WRITE,UPDATE,,,"UPDATE role_test2
  SET id = id + 1
  WHERE id = change_id",<not logged>
psql:pgaudit_role.sql:189: NOTICE:  AUDIT: ROLE,4,1,ROLE,GRANT,,,"GRANT SELECT, INSERT, UPDATE ON role_test2 to roleuser2;",<not logged>
psql:pgaudit_role.sql:190: NOTICE:  AUDIT: ROLE,5,1,DDL,ALTER FUNCTION,,,ALTER FUNCTION roletest2_change(int) OWNER TO roleuser3;,<not logged>
You are now connected to database "postgres" as user "roleuser2".
psql:pgaudit_role.sql:195: WARNING:  AUDIT: SESSION,1,1,READ,SELECT,,,SELECT roletest2_change(93),<not logged>
You are now connected to database "postgres" as user "postgres".
psql:pgaudit_role.sql:206: ERROR:  extension "pgaudit" does not exist
psql:pgaudit_role.sql:213: NOTICE:  AUDIT: ROLE,1,1,ROLE,ALTER ROLE,,,ALTER ROLE roleuser2 RESET pgaudit.log;,<not logged>
You are now connected to database "postgres" as user "roleuser2".
psql:pgaudit_role.sql:217: WARNING:  AUDIT: ROLE,1,1,READ,SELECT,,,select * from role_test;,<not logged>
You are now connected to database "postgres" as user "postgres".
psql:pgaudit_role.sql:222: NOTICE:  drop cascades to trigger roletest2_insert_trg on table role_test2
postgres=# 

